Archive member included to satisfy reference by file (symbol)

C:/ST/STM32CubeIDE_1.14.0/STM32CubeIDE/plugins/com.st.stm32cube.ide.mcu.externaltools.gnu-tools-for-stm32.11.3.rel1.win32_1.1.100.202309141235/tools/bin/../lib/gcc/arm-none-eabi/11.3.1/../../../../arm-none-eabi/lib/thumb/v7e-m+fp/hard\libc_nano.a(libc_a-exit.o)
                              C:/ST/STM32CubeIDE_1.14.0/STM32CubeIDE/plugins/com.st.stm32cube.ide.mcu.externaltools.gnu-tools-for-stm32.11.3.rel1.win32_1.1.100.202309141235/tools/bin/../lib/gcc/arm-none-eabi/11.3.1/../../../../arm-none-eabi/lib/thumb/v7e-m+fp/hard/crt0.o (exit)
C:/ST/STM32CubeIDE_1.14.0/STM32CubeIDE/plugins/com.st.stm32cube.ide.mcu.externaltools.gnu-tools-for-stm32.11.3.rel1.win32_1.1.100.202309141235/tools/bin/../lib/gcc/arm-none-eabi/11.3.1/../../../../arm-none-eabi/lib/thumb/v7e-m+fp/hard\libc_nano.a(libc_a-findfp.o)
                              C:/ST/STM32CubeIDE_1.14.0/STM32CubeIDE/plugins/com.st.stm32cube.ide.mcu.externaltools.gnu-tools-for-stm32.11.3.rel1.win32_1.1.100.202309141235/tools/bin/../lib/gcc/arm-none-eabi/11.3.1/../../../../arm-none-eabi/lib/thumb/v7e-m+fp/hard\libc_nano.a(libc_a-exit.o) (__stdio_exit_handler)
C:/ST/STM32CubeIDE_1.14.0/STM32CubeIDE/plugins/com.st.stm32cube.ide.mcu.externaltools.gnu-tools-for-stm32.11.3.rel1.win32_1.1.100.202309141235/tools/bin/../lib/gcc/arm-none-eabi/11.3.1/../../../../arm-none-eabi/lib/thumb/v7e-m+fp/hard\libc_nano.a(libc_a-fwalk.o)
                              C:/ST/STM32CubeIDE_1.14.0/STM32CubeIDE/plugins/com.st.stm32cube.ide.mcu.externaltools.gnu-tools-for-stm32.11.3.rel1.win32_1.1.100.202309141235/tools/bin/../lib/gcc/arm-none-eabi/11.3.1/../../../../arm-none-eabi/lib/thumb/v7e-m+fp/hard\libc_nano.a(libc_a-findfp.o) (_fwalk_sglue)
C:/ST/STM32CubeIDE_1.14.0/STM32CubeIDE/plugins/com.st.stm32cube.ide.mcu.externaltools.gnu-tools-for-stm32.11.3.rel1.win32_1.1.100.202309141235/tools/bin/../lib/gcc/arm-none-eabi/11.3.1/../../../../arm-none-eabi/lib/thumb/v7e-m+fp/hard\libc_nano.a(libc_a-stdio.o)
                              C:/ST/STM32CubeIDE_1.14.0/STM32CubeIDE/plugins/com.st.stm32cube.ide.mcu.externaltools.gnu-tools-for-stm32.11.3.rel1.win32_1.1.100.202309141235/tools/bin/../lib/gcc/arm-none-eabi/11.3.1/../../../../arm-none-eabi/lib/thumb/v7e-m+fp/hard\libc_nano.a(libc_a-findfp.o) (__sread)
C:/ST/STM32CubeIDE_1.14.0/STM32CubeIDE/plugins/com.st.stm32cube.ide.mcu.externaltools.gnu-tools-for-stm32.11.3.rel1.win32_1.1.100.202309141235/tools/bin/../lib/gcc/arm-none-eabi/11.3.1/../../../../arm-none-eabi/lib/thumb/v7e-m+fp/hard\libc_nano.a(libc_a-memset.o)
                              C:/ST/STM32CubeIDE_1.14.0/STM32CubeIDE/plugins/com.st.stm32cube.ide.mcu.externaltools.gnu-tools-for-stm32.11.3.rel1.win32_1.1.100.202309141235/tools/bin/../lib/gcc/arm-none-eabi/11.3.1/../../../../arm-none-eabi/lib/thumb/v7e-m+fp/hard/crt0.o (memset)
C:/ST/STM32CubeIDE_1.14.0/STM32CubeIDE/plugins/com.st.stm32cube.ide.mcu.externaltools.gnu-tools-for-stm32.11.3.rel1.win32_1.1.100.202309141235/tools/bin/../lib/gcc/arm-none-eabi/11.3.1/../../../../arm-none-eabi/lib/thumb/v7e-m+fp/hard\libc_nano.a(libc_a-closer.o)
                              C:/ST/STM32CubeIDE_1.14.0/STM32CubeIDE/plugins/com.st.stm32cube.ide.mcu.externaltools.gnu-tools-for-stm32.11.3.rel1.win32_1.1.100.202309141235/tools/bin/../lib/gcc/arm-none-eabi/11.3.1/../../../../arm-none-eabi/lib/thumb/v7e-m+fp/hard\libc_nano.a(libc_a-stdio.o) (_close_r)
C:/ST/STM32CubeIDE_1.14.0/STM32CubeIDE/plugins/com.st.stm32cube.ide.mcu.externaltools.gnu-tools-for-stm32.11.3.rel1.win32_1.1.100.202309141235/tools/bin/../lib/gcc/arm-none-eabi/11.3.1/../../../../arm-none-eabi/lib/thumb/v7e-m+fp/hard\libc_nano.a(libc_a-reent.o)
                              C:/ST/STM32CubeIDE_1.14.0/STM32CubeIDE/plugins/com.st.stm32cube.ide.mcu.externaltools.gnu-tools-for-stm32.11.3.rel1.win32_1.1.100.202309141235/tools/bin/../lib/gcc/arm-none-eabi/11.3.1/../../../../arm-none-eabi/lib/thumb/v7e-m+fp/hard\libc_nano.a(libc_a-closer.o) (errno)
C:/ST/STM32CubeIDE_1.14.0/STM32CubeIDE/plugins/com.st.stm32cube.ide.mcu.externaltools.gnu-tools-for-stm32.11.3.rel1.win32_1.1.100.202309141235/tools/bin/../lib/gcc/arm-none-eabi/11.3.1/../../../../arm-none-eabi/lib/thumb/v7e-m+fp/hard\libc_nano.a(libc_a-impure.o)
                              C:/ST/STM32CubeIDE_1.14.0/STM32CubeIDE/plugins/com.st.stm32cube.ide.mcu.externaltools.gnu-tools-for-stm32.11.3.rel1.win32_1.1.100.202309141235/tools/bin/../lib/gcc/arm-none-eabi/11.3.1/../../../../arm-none-eabi/lib/thumb/v7e-m+fp/hard\libc_nano.a(libc_a-reent.o) (_impure_ptr)
C:/ST/STM32CubeIDE_1.14.0/STM32CubeIDE/plugins/com.st.stm32cube.ide.mcu.externaltools.gnu-tools-for-stm32.11.3.rel1.win32_1.1.100.202309141235/tools/bin/../lib/gcc/arm-none-eabi/11.3.1/../../../../arm-none-eabi/lib/thumb/v7e-m+fp/hard\libc_nano.a(libc_a-lseekr.o)
[...]
Memory Configuration

Name             Origin             Length             Attributes
RAM              0x0000000020000000 0x0000000000020000 xrw
FLASH            0x0000000008000000 0x0000000000080000 xr
*default*        0x0000000000000000 0xffffffffffffffff

Linker script and memory map

LOAD C:/ST/STM32CubeIDE_1.14.0/STM32CubeIDE/plugins/com.st.stm32cube.ide.mcu.externaltools.gnu-tools-for-stm32.11.3.rel1.win32_1.1.100.202309141235/tools/bin/../lib/gcc/arm-none-eabi/11.3.1/thumb/v7e-m+fp/hard/crti.o
LOAD C:/ST/STM32CubeIDE_1.14.0/STM32CubeIDE/plugins/com.st.stm32cube.ide.mcu.externaltools.gnu-tools-for-stm32.11.3.rel1.win32_1.1.100.202309141235/tools/bin/../lib/gcc/arm-none-eabi/11.3.1/thumb/v7e-m+fp/hard/crtbegin.o
LOAD C:/ST/STM32CubeIDE_1.14.0/STM32CubeIDE/plugins/com.st.stm32cube.ide.mcu.externaltools.gnu-tools-for-stm32.11.3.rel1.win32_1.1.100.202309141235/tools/bin/../lib/gcc/arm-none-eabi/11.3.1/../../../../arm-none-eabi/lib/thumb/v7e-m+fp/hard/crt0.o
LOAD ./Core/Src/freertos.o
LOAD ./Core/Src/main.o
LOAD ./Core/Src/stm32f4xx_hal_msp.o
LOAD ./Core/Src/stm32f4xx_it.o
LOAD ./Core/Src/syscalls.o
LOAD ./Core/Src/sysmem.o
LOAD ./Core/Src/system_stm32f4xx.o
LOAD ./Core/Startup/startup_stm32f446retx.o
LOAD ./Drivers/STM32F4xx_HAL_Driver/Src/stm32f4xx_hal.o
LOAD ./Drivers/STM32F4xx_HAL_Driver/Src/stm32f4xx_hal_cortex.o
LOAD ./Drivers/STM32F4xx_HAL_Driver/Src/stm32f4xx_hal_dma.o
LOAD ./Drivers/STM32F4xx_HAL_Driver/Src/stm32f4xx_hal_dma_ex.o
LOAD ./Drivers/STM32F4xx_HAL_Driver/Src/stm32f4xx_hal_exti.o
LOAD ./Drivers/STM32F4xx_HAL_Driver/Src/stm32f4xx_hal_flash.o
LOAD ./Drivers/STM32F4xx_HAL_Driver/Src/stm32f4xx_hal_flash_ex.o
LOAD ./Drivers/STM32F4xx_HAL_Driver/Src/stm32f4xx_hal_flash_ramfunc.o
LOAD ./Drivers/STM32F4xx_HAL_Driver/Src/stm32f4xx_hal_gpio.o
LOAD ./Drivers/STM32F4xx_HAL_Driver/Src/stm32f4xx_hal_pwr.o
LOAD ./Drivers/STM32F4xx_HAL_Driver/Src/stm32f4xx_hal_pwr_ex.o
LOAD ./Drivers/STM32F4xx_HAL_Driver/Src/stm32f4xx_hal_rcc.o
LOAD ./Drivers/STM32F4xx_HAL_Driver/Src/stm32f4xx_hal_rcc_ex.o
LOAD ./Drivers/STM32F4xx_HAL_Driver/Src/stm32f4xx_hal_tim.o
LOAD ./Drivers/STM32F4xx_HAL_Driver/Src/stm32f4xx_hal_tim_ex.o
LOAD ./Middlewares/Third_Party/FreeRTOS/Source/CMSIS_RTOS/cmsis_os.o
LOAD ./Middlewares/Third_Party/FreeRTOS/Source/croutine.o
LOAD ./Middlewares/Third_Party/FreeRTOS/Source/event_groups.o
LOAD ./Middlewares/Third_Party/FreeRTOS/Source/list.o
LOAD ./Middlewares/Third_Party/FreeRTOS/Source/queue.o
LOAD ./Middlewares/Third_Party/FreeRTOS/Source/stream_buffer.o
LOAD ./Middlewares/Third_Party/FreeRTOS/Source/tasks.o
LOAD ./Middlewares/Third_Party/FreeRTOS/Source/timers.o
LOAD ./Middlewares/Third_Party/FreeRTOS/Source/portable/GCC/ARM_CM4F/port.o
LOAD ./Middlewares/Third_Party/FreeRTOS/Source/portable/MemMang/heap_4.o
START GROUP
LOAD C:/ST/STM32CubeIDE_1.14.0/STM32CubeIDE/plugins/com.st.stm32cube.ide.mcu.externaltools.gnu-tools-for-stm32.11.3.rel1.win32_1.1.100.202309141235/tools/bin/../lib/gcc/arm-none-eabi/11.3.1/../../../../arm-none-eabi/lib/thumb/v7e-m+fp/hard\libc_nano.a
LOAD C:/ST/STM32CubeIDE_1.14.0/STM32CubeIDE/plugins/com.st.stm32cube.ide.mcu.externaltools.gnu-tools-for-stm32.11.3.rel1.win32_1.1.100.202309141235/tools/bin/../lib/gcc/arm-none-eabi/11.3.1/../../../../arm-none-eabi/lib/thumb/v7e-m+fp/hard\libm.a
END GROUP
START GROUP
LOAD C:/ST/STM32CubeIDE_1.14.0/STM32CubeIDE/plugins/com.st.stm32cube.ide.mcu.externaltools.gnu-tools-for-stm32.11.3.rel1.win32_1.1.100.202309141235/tools/bin/../lib/gcc/arm-none-eabi/11.3.1/thumb/v7e-m+fp/hard\libgcc.a
LOAD C:/ST/STM32CubeIDE_1.14.0/STM32CubeIDE/plugins/com.st.stm32cube.ide.mcu.externaltools.gnu-tools-for-stm32.11.3.rel1.win32_1.1.100.202309141235/tools/bin/../lib/gcc/arm-none-eabi/11.3.1/../../../../arm-none-eabi/lib/thumb/v7e-m+fp/hard\libc_nano.a
END GROUP
START GROUP
LOAD C:/ST/STM32CubeIDE_1.14.0/STM32CubeIDE/plugins/com.st.stm32cube.ide.mcu.externaltools.gnu-tools-for-stm32.11.3.rel1.win32_1.1.100.202309141235/tools/bin/../lib/gcc/arm-none-eabi/11.3.1/thumb/v7e-m+fp/hard\libgcc.a
LOAD C:/ST/STM32CubeIDE_1.14.0/STM32CubeIDE/plugins/com.st.stm32cube.ide.mcu.externaltools.gnu-tools-for-stm32.11.3.rel1.win32_1.1.100.202309141235/tools/bin/../lib/gcc/arm-none-eabi/11.3.1/../../../../arm-none-eabi/lib/thumb/v7e-m+fp/hard\libc_nano.a
LOAD C:/ST/STM32CubeIDE_1.14.0/STM32CubeIDE/plugins/com.st.stm32cube.ide.mcu.externaltools.gnu-tools-for-stm32.11.3.rel1.win32_1.1.100.202309141235/tools/bin/../lib/gcc/arm-none-eabi/11.3.1/../../../../arm-none-eabi/lib/thumb/v7e-m+fp/hard\libnosys.a
END GROUP
START GROUP
LOAD C:/ST/STM32CubeIDE_1.14.0/STM32CubeIDE/plugins/com.st.stm32cube.ide.mcu.externaltools.gnu-tools-for-stm32.11.3.rel1.win32_1.1.100.202309141235/tools/bin/../lib/gcc/arm-none-eabi/11.3.1/thumb/v7e-m+fp/hard\libgcc.a
LOAD C:/ST/STM32CubeIDE_1.14.0/STM32CubeIDE/plugins/com.st.stm32cube.ide.mcu.externaltools.gnu-tools-for-stm32.11.3.rel1.win32_1.1.100.202309141235/tools/bin/../lib/gcc/arm-none-eabi/11.3.1/../../../../arm-none-eabi/lib/thumb/v7e-m+fp/hard\libc_nano.a
LOAD C:/ST/STM32CubeIDE_1.14.0/STM32CubeIDE/plugins/com.st.stm32cube.ide.mcu.externaltools.gnu-tools-for-stm32.11.3.rel1.win32_1.1.100.202309141235/tools/bin/../lib/gcc/arm-none-eabi/11.3.1/../../../../arm-none-eabi/lib/thumb/v7e-m+fp/hard\libnosys.a
END GROUP
LOAD C:/ST/STM32CubeIDE_1.14.0/STM32CubeIDE/plugins/com.st.stm32cube.ide.mcu.externaltools.gnu-tools-for-stm32.11.3.rel1.win32_1.1.100.202309141235/tools/bin/../lib/gcc/arm-none-eabi/11.3.1/thumb/v7e-m+fp/hard/crtend.o
LOAD C:/ST/STM32CubeIDE_1.14.0/STM32CubeIDE/plugins/com.st.stm32cube.ide.mcu.externaltools.gnu-tools-for-stm32.11.3.rel1.win32_1.1.100.202309141235/tools/bin/../lib/gcc/arm-none-eabi/11.3.1/thumb/v7e-m+fp/hard/crtn.o
                0x0000000020020000                _estack = (ORIGIN (RAM) + LENGTH (RAM))
                0x0000000000000200                _Min_Heap_Size = 0x200
                0x0000000000000400                _Min_Stack_Size = 0x400

.isr_vector     0x0000000008000000      0x1c4
                0x0000000008000000                . = ALIGN (0x4)
 *(.isr_vector)
 .isr_vector    0x0000000008000000      0x1c4 ./Core/Startup/startup_stm32f446retx.o
                0x0000000008000000                g_pfnVectors
                0x00000000080001c4                . = ALIGN (0x4)

.text           0x00000000080001d0     0x2d8c
                0x00000000080001d0                . = ALIGN (0x4)
 *(.text)
 .text          0x00000000080001d0       0x40 C:/ST/STM32CubeIDE_1.14.0/STM32CubeIDE/plugins/com.st.stm32cube.ide.mcu.externaltools.gnu-tools-for-stm32.11.3.rel1.win32_1.1.100.202309141235/tools/bin/../lib/gcc/arm-none-eabi/11.3.1/thumb/v7e-m+fp/hard/crtbegin.o
 .text          0x0000000008000210       0x30 C:/ST/STM32CubeIDE_1.14.0/STM32CubeIDE/plugins/com.st.stm32cube.ide.mcu.externaltools.gnu-tools-for-stm32.11.3.rel1.win32_1.1.100.202309141235/tools/bin/../lib/gcc/arm-none-eabi/11.3.1/thumb/v7e-m+fp/hard\libgcc.a(_aeabi_uldivmod.o)
                0x0000000008000210                __aeabi_uldivmod
 .text          0x0000000008000240      0x2c8 C:/ST/STM32CubeIDE_1.14.0/STM32CubeIDE/plugins/com.st.stm32cube.ide.mcu.externaltools.gnu-tools-for-stm32.11.3.rel1.win32_1.1.100.202309141235/tools/bin/../lib/gcc/arm-none-eabi/11.3.1/thumb/v7e-m+fp/hard\libgcc.a(_udivmoddi4.o)
                0x0000000008000240                __udivmoddi4
 .text          0x0000000008000508        0x4 C:/ST/STM32CubeIDE_1.14.0/STM32CubeIDE/plugins/com.st.stm32cube.ide.mcu.externaltools.gnu-tools-for-stm32.11.3.rel1.win32_1.1.100.202309141235/tools/bin/../lib/gcc/arm-none-eabi/11.3.1/thumb/v7e-m+fp/hard\libgcc.a(_dvmd_tls.o)
                0x0000000008000508                __aeabi_idiv0
                0x0000000008000508                __aeabi_ldiv0
 *(.text*)
 .text.vApplicationGetIdleTaskMemory
                0x000000000800050c       0x34 ./Core/Src/freertos.o
                0x000000000800050c                vApplicationGetIdleTaskMemory
 .text.main     0x0000000008000540       0x98 ./Core/Src/main.o
                0x0000000008000540                main
 .text.SystemClock_Config
                0x00000000080005d8       0xc0 ./Core/Src/main.o
                0x00000000080005d8                SystemClock_Config
 .text.MX_GPIO_Init
                0x0000000008000698       0xb8 ./Core/Src/main.o
 .text.vMontee_Task
                0x0000000008000750       0x44 ./Core/Src/main.o
                0x0000000008000750                vMontee_Task
 .text.vDescente_Task
                0x0000000008000794       0x44 ./Core/Src/main.o
                0x0000000008000794                vDescente_Task
 .text.vArret_Urgence_Task
                0x00000000080007d8       0x60 ./Core/Src/main.o
                0x00000000080007d8                vArret_Urgence_Task
 .text.vControle_Task
                0x0000000008000838       0x6c ./Core/Src/main.o
                0x0000000008000838                vControle_Task
 .text.Error_Handler
                0x00000000080008a4        0xa ./Core/Src/main.o
                0x00000000080008a4                Error_Handler
 *fill*         0x00000000080008ae        0x2 
 .text.HAL_MspInit
                0x00000000080008b0       0x58 ./Core/Src/stm32f4xx_hal_msp.o
                0x00000000080008b0                HAL_MspInit
 .text.NMI_Handler
                0x0000000008000908        0x6 ./Core/Src/stm32f4xx_it.o
                0x0000000008000908                NMI_Handler
 .text.HardFault_Handler
                0x000000000800090e        0x6 ./Core/Src/stm32f4xx_it.o
                0x000000000800090e                HardFault_Handler
 .text.MemManage_Handler
                0x0000000008000914        0x6 ./Core/Src/stm32f4xx_it.o
                0x0000000008000914                MemManage_Handler
 .text.BusFault_Handler
                0x000000000800091a        0x6 ./Core/Src/stm32f4xx_it.o
                0x000000000800091a                BusFault_Handler
 .text.UsageFault_Handler
                0x0000000008000920        0x6 ./Core/Src/stm32f4xx_it.o
                0x0000000008000920                UsageFault_Handler
 .text.DebugMon_Handler
                0x0000000008000926        0xe ./Core/Src/stm32f4xx_it.o
                0x0000000008000926                DebugMon_Handler
 .text.SysTick_Handler
                0x0000000008000934       0x1a ./Core/Src/stm32f4xx_it.o
                0x0000000008000934                SysTick_Handler
 *fill*         0x000000000800094e        0x2 
 .text.SystemInit
                0x0000000008000950       0x24 ./Core/Src/system_stm32f4xx.o
                0x0000000008000950                SystemInit
 .text.Reset_Handler
                0x0000000008000974       0x50 ./Core/Startup/startup_stm32f446retx.o
                0x0000000008000974                Reset_Handler
 .text.Default_Handler
                0x00000000080009c4        0x2 ./Core/Startup/startup_stm32f446retx.o
                0x00000000080009c4                RTC_Alarm_IRQHandler
                0x00000000080009c4                EXTI2_IRQHandler
                0x00000000080009c4                TIM8_CC_IRQHandler
                0x00000000080009c4                FMPI2C1_EV_IRQHandler
                0x00000000080009c4                SPI4_IRQHandler
                0x00000000080009c4                TIM1_CC_IRQHandler
                0x00000000080009c4                DMA2_Stream5_IRQHandler
                0x00000000080009c4                DMA1_Stream5_IRQHandler
                0x00000000080009c4                PVD_IRQHandler
                0x00000000080009c4                SDIO_IRQHandler
                0x00000000080009c4                TAMP_STAMP_IRQHandler
                0x00000000080009c4                CAN2_RX1_IRQHandler
                0x00000000080009c4                EXTI3_IRQHandler
                0x00000000080009c4                TIM8_TRG_COM_TIM14_IRQHandler
                0x00000000080009c4                TIM1_UP_TIM10_IRQHandler
                0x00000000080009c4                TIM8_UP_TIM13_IRQHandler
                0x00000000080009c4                I2C3_ER_IRQHandler
                0x00000000080009c4                EXTI0_IRQHandler
                0x00000000080009c4                I2C2_EV_IRQHandler
                0x00000000080009c4                DMA1_Stream2_IRQHandler
                0x00000000080009c4                CAN1_RX0_IRQHandler
                0x00000000080009c4                FPU_IRQHandler
                0x00000000080009c4                OTG_HS_WKUP_IRQHandler
                0x00000000080009c4                CAN2_SCE_IRQHandler
                0x00000000080009c4                DMA2_Stream2_IRQHandler
                0x00000000080009c4                SPI1_IRQHandler
                0x00000000080009c4                TIM6_DAC_IRQHandler
                0x00000000080009c4                TIM1_BRK_TIM9_IRQHandler
                0x00000000080009c4                DCMI_IRQHandler
                0x00000000080009c4                CAN2_RX0_IRQHandler
                0x00000000080009c4                DMA2_Stream3_IRQHandler
                0x00000000080009c4                SAI2_IRQHandler
                0x00000000080009c4                USART6_IRQHandler
                0x00000000080009c4                USART3_IRQHandler
                0x00000000080009c4                CAN1_RX1_IRQHandler
                0x00000000080009c4                UART5_IRQHandler
                0x00000000080009c4                DMA2_Stream0_IRQHandler
                0x00000000080009c4                TIM4_IRQHandler
                0x00000000080009c4                QUADSPI_IRQHandler
                0x00000000080009c4                I2C1_EV_IRQHandler
                0x00000000080009c4                DMA1_Stream6_IRQHandler
                0x00000000080009c4                DMA1_Stream1_IRQHandler
                0x00000000080009c4                UART4_IRQHandler
                0x00000000080009c4                TIM3_IRQHandler
                0x00000000080009c4                RCC_IRQHandler
                0x00000000080009c4                TIM8_BRK_TIM12_IRQHandler
                0x00000000080009c4                Default_Handler
                0x00000000080009c4                CEC_IRQHandler
                0x00000000080009c4                EXTI15_10_IRQHandler
                0x00000000080009c4                ADC_IRQHandler
                0x00000000080009c4                DMA1_Stream7_IRQHandler
                0x00000000080009c4                TIM7_IRQHandler
                0x00000000080009c4                CAN2_TX_IRQHandler
                0x00000000080009c4                TIM5_IRQHandler
                0x00000000080009c4                DMA2_Stream7_IRQHandler
                0x00000000080009c4                I2C3_EV_IRQHandler
                0x00000000080009c4                EXTI9_5_IRQHandler
                0x00000000080009c4                RTC_WKUP_IRQHandler
                0x00000000080009c4                SPDIF_RX_IRQHandler
                0x00000000080009c4                SPI2_IRQHandler
                0x00000000080009c4                OTG_HS_EP1_IN_IRQHandler
                0x00000000080009c4                DMA1_Stream0_IRQHandler
                0x00000000080009c4                CAN1_TX_IRQHandler
                0x00000000080009c4                FMPI2C1_ER_IRQHandler
                0x00000000080009c4                EXTI4_IRQHandler
                0x00000000080009c4                OTG_HS_EP1_OUT_IRQHandler
                0x00000000080009c4                WWDG_IRQHandler
                0x00000000080009c4                TIM2_IRQHandler
                0x00000000080009c4                OTG_FS_WKUP_IRQHandler
                0x00000000080009c4                TIM1_TRG_COM_TIM11_IRQHandler
                0x00000000080009c4                OTG_HS_IRQHandler
                0x00000000080009c4                EXTI1_IRQHandler
                0x00000000080009c4                USART2_IRQHandler
                0x00000000080009c4                I2C2_ER_IRQHandler
                0x00000000080009c4                DMA2_Stream1_IRQHandler
                0x00000000080009c4                CAN1_SCE_IRQHandler
                0x00000000080009c4                FLASH_IRQHandler
                0x00000000080009c4                DMA2_Stream4_IRQHandler
                0x00000000080009c4                USART1_IRQHandler
                0x00000000080009c4                OTG_FS_IRQHandler
                0x00000000080009c4                SPI3_IRQHandler
                0x00000000080009c4                DMA1_Stream4_IRQHandler
                0x00000000080009c4                I2C1_ER_IRQHandler
                0x00000000080009c4                FMC_IRQHandler
                0x00000000080009c4                DMA2_Stream6_IRQHandler
                0x00000000080009c4                SAI1_IRQHandler
                0x00000000080009c4                DMA1_Stream3_IRQHandler
 *fill*         0x00000000080009c6        0x2 
 .text.HAL_Init
                0x00000000080009c8       0x44 ./Drivers/STM32F4xx_HAL_Driver/Src/stm32f4xx_hal.o
                0x00000000080009c8                HAL_Init
 .text.HAL_InitTick
                0x0000000008000a0c       0x60 ./Drivers/STM32F4xx_HAL_Driver/Src/stm32f4xx_hal.o
                0x0000000008000a0c                HAL_InitTick
 .text.HAL_IncTick
                0x0000000008000a6c       0x28 ./Drivers/STM32F4xx_HAL_Driver/Src/stm32f4xx_hal.o
                0x0000000008000a6c                HAL_IncTick
 .text.HAL_GetTick
                0x0000000008000a94       0x18 ./Drivers/STM32F4xx_HAL_Driver/Src/stm32f4xx_hal.o
                0x0000000008000a94                HAL_GetTick
 .text.__NVIC_SetPriorityGrouping
                0x0000000008000aac       0x48 ./Drivers/STM32F4xx_HAL_Driver/Src/stm32f4xx_hal_cortex.o
 .text.__NVIC_GetPriorityGrouping
                0x0000000008000af4       0x1c ./Drivers/STM32F4xx_HAL_Driver/Src/stm32f4xx_hal_cortex.o
 .text.__NVIC_SetPriority
                0x0000000008000b10       0x54 ./Drivers/STM32F4xx_HAL_Driver/Src/stm32f4xx_hal_cortex.o
 .text.NVIC_EncodePriority
                0x0000000008000b64       0x66 ./Drivers/STM32F4xx_HAL_Driver/Src/stm32f4xx_hal_cortex.o
 *fill*         0x0000000008000bca        0x2 
 .text.SysTick_Config
                0x0000000008000bcc       0x44 ./Drivers/STM32F4xx_HAL_Driver/Src/stm32f4xx_hal_cortex.o
 .text.HAL_NVIC_SetPriorityGrouping
                0x0000000008000c10       0x16 ./Drivers/STM32F4xx_HAL_Driver/Src/stm32f4xx_hal_cortex.o
                0x0000000008000c10                HAL_NVIC_SetPriorityGrouping
 .text.HAL_NVIC_SetPriority
                0x0000000008000c26       0x38 ./Drivers/STM32F4xx_HAL_Driver/Src/stm32f4xx_hal_cortex.o
                0x0000000008000c26                HAL_NVIC_SetPriority
 .text.HAL_SYSTICK_Config
                0x0000000008000c5e       0x18 ./Drivers/STM32F4xx_HAL_Driver/Src/stm32f4xx_hal_cortex.o
                0x0000000008000c5e                HAL_SYSTICK_Config
 *fill*         0x0000000008000c76        0x2 
 .text.HAL_GPIO_Init
                0x0000000008000c78      0x328 ./Drivers/STM32F4xx_HAL_Driver/Src/stm32f4xx_hal_gpio.o
                0x0000000008000c78                HAL_GPIO_Init
 .text.HAL_GPIO_ReadPin
                0x0000000008000fa0       0x30 ./Drivers/STM32F4xx_HAL_Driver/Src/stm32f4xx_hal_gpio.o
                0x0000000008000fa0                HAL_GPIO_ReadPin
 .text.HAL_GPIO_WritePin
                0x0000000008000fd0       0x32 ./Drivers/STM32F4xx_HAL_Driver/Src/stm32f4xx_hal_gpio.o
                0x0000000008000fd0                HAL_GPIO_WritePin
 *fill*         0x0000000008001002        0x2 
 .text.HAL_RCC_ClockConfig
                0x0000000008001004      0x1cc ./Drivers/STM32F4xx_HAL_Driver/Src/stm32f4xx_hal_rcc.o
                0x0000000008001004                HAL_RCC_ClockConfig
 .text.HAL_RCC_GetSysClockFreq
                0x00000000080011d0      0x354 ./Drivers/STM32F4xx_HAL_Driver/Src/stm32f4xx_hal_rcc_ex.o
                0x00000000080011d0                HAL_RCC_GetSysClockFreq
 .text.HAL_RCC_OscConfig
                0x0000000008001524      0x53c ./Drivers/STM32F4xx_HAL_Driver/Src/stm32f4xx_hal_rcc_ex.o
                0x0000000008001524                HAL_RCC_OscConfig
 .text.osKernelStart
                0x0000000008001a60        0xe ./Middlewares/Third_Party/FreeRTOS/Source/CMSIS_RTOS/cmsis_os.o
                0x0000000008001a60                osKernelStart
 .text.vListInitialise
                0x0000000008001a6e       0x40 ./Middlewares/Third_Party/FreeRTOS/Source/list.o
                0x0000000008001a6e                vListInitialise
 .text.vListInitialiseItem
                0x0000000008001aae       0x1a ./Middlewares/Third_Party/FreeRTOS/Source/list.o
                0x0000000008001aae                vListInitialiseItem
 .text.vListInsertEnd
                0x0000000008001ac8       0x48 ./Middlewares/Third_Party/FreeRTOS/Source/list.o
                0x0000000008001ac8                vListInsertEnd
 .text.uxListRemove
                0x0000000008001b10       0x54 ./Middlewares/Third_Party/FreeRTOS/Source/list.o
                0x0000000008001b10                uxListRemove
 .text.xTaskCreateStatic
                0x0000000008001b64       0xba ./Middlewares/Third_Party/FreeRTOS/Source/tasks.o
                0x0000000008001b64                xTaskCreateStatic
 .text.xTaskCreate
                0x0000000008001c1e       0x8a ./Middlewares/Third_Party/FreeRTOS/Source/tasks.o
                0x0000000008001c1e                xTaskCreate
 .text.prvInitialiseNewTask
                0x0000000008001ca8      0x10e ./Middlewares/Third_Party/FreeRTOS/Source/tasks.o
 *fill*         0x0000000008001db6        0x2 
 .text.prvAddNewTaskToReadyList
                0x0000000008001db8       0xd4 ./Middlewares/Third_Party/FreeRTOS/Source/tasks.o
 .text.vTaskSuspend
                0x0000000008001e8c      0x124 ./Middlewares/Third_Party/FreeRTOS/Source/tasks.o
                0x0000000008001e8c                vTaskSuspend
 .text.prvTaskIsTaskSuspended
                0x0000000008001fb0       0x64 ./Middlewares/Third_Party/FreeRTOS/Source/tasks.o
 .text.vTaskResume
                0x0000000008002014       0xbc ./Middlewares/Third_Party/FreeRTOS/Source/tasks.o
                0x0000000008002014                vTaskResume
 .text.vTaskStartScheduler
                0x00000000080020d0       0xc0 ./Middlewares/Third_Party/FreeRTOS/Source/tasks.o
                0x00000000080020d0                vTaskStartScheduler
 .text.vTaskSuspendAll
                0x0000000008002190       0x1c ./Middlewares/Third_Party/FreeRTOS/Source/tasks.o
                0x0000000008002190                vTaskSuspendAll
 .text.xTaskResumeAll
                0x00000000080021ac      0x138 ./Middlewares/Third_Party/FreeRTOS/Source/tasks.o
                0x00000000080021ac                xTaskResumeAll
 .text.xTaskIncrementTick
                0x00000000080022e4      0x170 ./Middlewares/Third_Party/FreeRTOS/Source/tasks.o
                0x00000000080022e4                xTaskIncrementTick
 .text.vTaskSwitchContext
                0x0000000008002454       0xb8 ./Middlewares/Third_Party/FreeRTOS/Source/tasks.o
                0x0000000008002454                vTaskSwitchContext
 .text.prvIdleTask
                0x000000000800250c       0x30 ./Middlewares/Third_Party/FreeRTOS/Source/tasks.o
 .text.prvInitialiseTaskLists
                0x000000000800253c       0x80 ./Middlewares/Third_Party/FreeRTOS/Source/tasks.o
 .text.prvCheckTasksWaitingTermination
                0x00000000080025bc       0x5c ./Middlewares/Third_Party/FreeRTOS/Source/tasks.o
 .text.prvDeleteTCB
                0x0000000008002618       0x5e ./Middlewares/Third_Party/FreeRTOS/Source/tasks.o
 *fill*         0x0000000008002676        0x2 
 .text.prvResetNextTaskUnblockTime
                0x0000000008002678       0x40 ./Middlewares/Third_Party/FreeRTOS/Source/tasks.o
 .text.xTaskGetSchedulerState
                0x00000000080026b8       0x3c ./Middlewares/Third_Party/FreeRTOS/Source/tasks.o
                0x00000000080026b8                xTaskGetSchedulerState
 .text.pxPortInitialiseStack
                0x00000000080026f4       0x68 ./Middlewares/Third_Party/FreeRTOS/Source/portable/GCC/ARM_CM4F/port.o
                0x00000000080026f4                pxPortInitialiseStack
 .text.prvTaskExitError
                0x000000000800275c       0x58 ./Middlewares/Third_Party/FreeRTOS/Source/portable/GCC/ARM_CM4F/port.o
 *fill*         0x00000000080027b4        0xc 
 .text.SVC_Handler
                0x00000000080027c0       0x28 ./Middlewares/Third_Party/FreeRTOS/Source/portable/GCC/ARM_CM4F/port.o
                0x00000000080027c0                SVC_Handler
 .text.prvPortStartFirstTask
                0x00000000080027e8       0x28 ./Middlewares/Third_Party/FreeRTOS/Source/portable/GCC/ARM_CM4F/port.o
 .text.xPortStartScheduler
                0x0000000008002810      0x144 ./Middlewares/Third_Party/FreeRTOS/Source/portable/GCC/ARM_CM4F/port.o
                0x0000000008002810                xPortStartScheduler
 .text.vPortEnterCritical
                0x0000000008002954       0x60 ./Middlewares/Third_Party/FreeRTOS/Source/portable/GCC/ARM_CM4F/port.o
                0x0000000008002954                vPortEnterCritical
 .text.vPortExitCritical
                0x00000000080029b4       0x54 ./Middlewares/Third_Party/FreeRTOS/Source/portable/GCC/ARM_CM4F/port.o
                0x00000000080029b4                vPortExitCritical
 *fill*         0x0000000008002a08        0x8 
 .text.PendSV_Handler
                0x0000000008002a10       0x68 ./Middlewares/Third_Party/FreeRTOS/Source/portable/GCC/ARM_CM4F/port.o
                0x0000000008002a10                PendSV_Handler
 .text.xPortSysTickHandler
                0x0000000008002a78       0x44 ./Middlewares/Third_Party/FreeRTOS/Source/portable/GCC/ARM_CM4F/port.o
                0x0000000008002a78                xPortSysTickHandler
 .text.vPortSetupTimerInterrupt
                0x0000000008002abc       0x48 ./Middlewares/Third_Party/FreeRTOS/Source/portable/GCC/ARM_CM4F/port.o
                0x0000000008002abc                vPortSetupTimerInterrupt
 .text.vPortEnableVFP
                0x0000000008002b04       0x14 ./Middlewares/Third_Party/FreeRTOS/Source/portable/GCC/ARM_CM4F/port.o
 .text.pvPortMalloc
                0x0000000008002b18      0x198 ./Middlewares/Third_Party/FreeRTOS/Source/portable/MemMang/heap_4.o
                0x0000000008002b18                pvPortMalloc
 .text.vPortFree
                0x0000000008002cb0       0xc4 ./Middlewares/Third_Party/FreeRTOS/Source/portable/MemMang/heap_4.o
                0x0000000008002cb0                vPortFree
 .text.prvHeapInit
                0x0000000008002d74       0xc4 ./Middlewares/Third_Party/FreeRTOS/Source/portable/MemMang/heap_4.o
 .text.prvInsertBlockIntoFreeList
                0x0000000008002e38       0xb4 ./Middlewares/Third_Party/FreeRTOS/Source/portable/MemMang/heap_4.o
 .text.memset   0x0000000008002eec       0x10 C:/ST/STM32CubeIDE_1.14.0/STM32CubeIDE/plugins/com.st.stm32cube.ide.mcu.externaltools.gnu-tools-for-stm32.11.3.rel1.win32_1.1.100.202309141235/tools/bin/../lib/gcc/arm-none-eabi/11.3.1/../../../../arm-none-eabi/lib/thumb/v7e-m+fp/hard\libc_nano.a(libc_a-memset.o)
                0x0000000008002eec                memset
 .text.__libc_init_array
                0x0000000008002efc       0x48 C:/ST/STM32CubeIDE_1.14.0/STM32CubeIDE/plugins/com.st.stm32cube.ide.mcu.externaltools.gnu-tools-for-stm32.11.3.rel1.win32_1.1.100.202309141235/tools/bin/../lib/gcc/arm-none-eabi/11.3.1/../../../../arm-none-eabi/lib/thumb/v7e-m+fp/hard\libc_nano.a(libc_a-init.o)
                0x0000000008002efc                __libc_init_array
 *(.glue_7)
 .glue_7        0x0000000008002f44        0x0 linker stubs
 *(.glue_7t)
 .glue_7t       0x0000000008002f44        0x0 linker stubs
 *(.eh_frame)
 .eh_frame      0x0000000008002f44        0x0 C:/ST/STM32CubeIDE_1.14.0/STM32CubeIDE/plugins/com.st.stm32cube.ide.mcu.externaltools.gnu-tools-for-stm32.11.3.rel1.win32_1.1.100.202309141235/tools/bin/../lib/gcc/arm-none-eabi/11.3.1/thumb/v7e-m+fp/hard/crtbegin.o
 *(.init)
 .init          0x0000000008002f44        0x4 C:/ST/STM32CubeIDE_1.14.0/STM32CubeIDE/plugins/com.st.stm32cube.ide.mcu.externaltools.gnu-tools-for-stm32.11.3.rel1.win32_1.1.100.202309141235/tools/bin/../lib/gcc/arm-none-eabi/11.3.1/thumb/v7e-m+fp/hard/crti.o
                0x0000000008002f44                _init
 .init          0x0000000008002f48        0x8 C:/ST/STM32CubeIDE_1.14.0/STM32CubeIDE/plugins/com.st.stm32cube.ide.mcu.externaltools.gnu-tools-for-stm32.11.3.rel1.win32_1.1.100.202309141235/tools/bin/../lib/gcc/arm-none-eabi/11.3.1/thumb/v7e-m+fp/hard/crtn.o
 *(.fini)
 .fini          0x0000000008002f50        0x4 C:/ST/STM32CubeIDE_1.14.0/STM32CubeIDE/plugins/com.st.stm32cube.ide.mcu.externaltools.gnu-tools-for-stm32.11.3.rel1.win32_1.1.100.202309141235/tools/bin/../lib/gcc/arm-none-eabi/11.3.1/thumb/v7e-m+fp/hard/crti.o
                0x0000000008002f50                _fini
 .fini          0x0000000008002f54        0x8 C:/ST/STM32CubeIDE_1.14.0/STM32CubeIDE/plugins/com.st.stm32cube.ide.mcu.externaltools.gnu-tools-for-stm32.11.3.rel1.win32_1.1.100.202309141235/tools/bin/../lib/gcc/arm-none-eabi/11.3.1/thumb/v7e-m+fp/hard/crtn.o
                0x0000000008002f5c                . = ALIGN (0x4)
                0x0000000008002f5c                _etext = .

.vfp11_veneer   0x0000000008002f5c        0x0
 .vfp11_veneer  0x0000000008002f5c        0x0 linker stubs

.v4_bx          0x0000000008002f5c        0x0
 .v4_bx         0x0000000008002f5c        0x0 linker stubs

.iplt           0x0000000008002f5c        0x0
 .iplt          0x0000000008002f5c        0x0 C:/ST/STM32CubeIDE_1.14.0/STM32CubeIDE/plugins/com.st.stm32cube.ide.mcu.externaltools.gnu-tools-for-stm32.11.3.rel1.win32_1.1.100.202309141235/tools/bin/../lib/gcc/arm-none-eabi/11.3.1/thumb/v7e-m+fp/hard/crtbegin.o

.rodata         0x0000000008002f5c       0x38
                0x0000000008002f5c                . = ALIGN (0x4)
 *(.rodata)
 .rodata        0x0000000008002f5c       0x1d ./Core/Src/main.o
 *fill*         0x0000000008002f79        0x3 
 .rodata        0x0000000008002f7c        0x5 ./Middlewares/Third_Party/FreeRTOS/Source/tasks.o
 *(.rodata*)
 *fill*         0x0000000008002f81        0x3 
 .rodata.AHBPrescTable
                0x0000000008002f84       0x10 ./Core/Src/system_stm32f4xx.o
                0x0000000008002f84                AHBPrescTable
                0x0000000008002f94                . = ALIGN (0x4)

.ARM.extab      0x0000000008002f94        0x0
                0x0000000008002f94                . = ALIGN (0x4)
 *(.ARM.extab* .gnu.linkonce.armextab.*)
                0x0000000008002f94                . = ALIGN (0x4)

.ARM            0x0000000008002f94        0x8
                0x0000000008002f94                . = ALIGN (0x4)
                0x0000000008002f94                __exidx_start = .
 *(.ARM.exidx*)
 .ARM.exidx     0x0000000008002f94        0x8 C:/ST/STM32CubeIDE_1.14.0/STM32CubeIDE/plugins/com.st.stm32cube.ide.mcu.externaltools.gnu-tools-for-stm32.11.3.rel1.win32_1.1.100.202309141235/tools/bin/../lib/gcc/arm-none-eabi/11.3.1/thumb/v7e-m+fp/hard\libgcc.a(_udivmoddi4.o)
                0x0000000008002f9c                __exidx_end = .
                0x0000000008002f9c                . = ALIGN (0x4)

.rel.dyn        0x0000000008002f9c        0x0
 .rel.iplt      0x0000000008002f9c        0x0 C:/ST/STM32CubeIDE_1.14.0/STM32CubeIDE/plugins/com.st.stm32cube.ide.mcu.externaltools.gnu-tools-for-stm32.11.3.rel1.win32_1.1.100.202309141235/tools/bin/../lib/gcc/arm-none-eabi/11.3.1/thumb/v7e-m+fp/hard/crtbegin.o

.preinit_array  0x0000000008002f9c        0x0
                0x0000000008002f9c                . = ALIGN (0x4)
                0x0000000008002f9c                PROVIDE (__preinit_array_start = .)
 *(.preinit_array*)
                0x0000000008002f9c                PROVIDE (__preinit_array_end = .)
                0x0000000008002f9c                . = ALIGN (0x4)

.init_array     0x0000000008002f9c        0x4
                0x0000000008002f9c                . = ALIGN (0x4)
                0x0000000008002f9c                PROVIDE (__init_array_start = .)
 *(SORT_BY_NAME(.init_array.*))
 *(.init_array*)
 .init_array    0x0000000008002f9c        0x4 C:/ST/STM32CubeIDE_1.14.0/STM32CubeIDE/plugins/com.st.stm32cube.ide.mcu.externaltools.gnu-tools-for-stm32.11.3.rel1.win32_1.1.100.202309141235/tools/bin/../lib/gcc/arm-none-eabi/11.3.1/thumb/v7e-m+fp/hard/crtbegin.o
                0x0000000008002fa0                PROVIDE (__init_array_end = .)
                0x0000000008002fa0                . = ALIGN (0x4)

.fini_array     0x0000000008002fa0        0x4
                0x0000000008002fa0                . = ALIGN (0x4)
                [!provide]                        PROVIDE (__fini_array_start = .)
 *(SORT_BY_NAME(.fini_array.*))
 *(.fini_array*)
 .fini_array    0x0000000008002fa0        0x4 C:/ST/STM32CubeIDE_1.14.0/STM32CubeIDE/plugins/com.st.stm32cube.ide.mcu.externaltools.gnu-tools-for-stm32.11.3.rel1.win32_1.1.100.202309141235/tools/bin/../lib/gcc/arm-none-eabi/11.3.1/thumb/v7e-m+fp/hard/crtbegin.o
                [!provide]                        PROVIDE (__fini_array_end = .)
                0x0000000008002fa4                . = ALIGN (0x4)
                0x0000000008002fa4                _sidata = LOADADDR (.data)

.data           0x0000000020000000       0x10 load address 0x0000000008002fa4
                0x0000000020000000                . = ALIGN (0x4)
                0x0000000020000000                _sdata = .
 *(.data)
 *(.data*)
 .data.SystemCoreClock
                0x0000000020000000        0x4 ./Core/Src/system_stm32f4xx.o
                0x0000000020000000                SystemCoreClock
 .data.uwTickPrio
                0x0000000020000004        0x4 ./Drivers/STM32F4xx_HAL_Driver/Src/stm32f4xx_hal.o
                0x0000000020000004                uwTickPrio
 .data.uwTickFreq
                0x0000000020000008        0x1 ./Drivers/STM32F4xx_HAL_Driver/Src/stm32f4xx_hal.o
                0x0000000020000008                uwTickFreq
 *fill*         0x0000000020000009        0x3 
 .data.uxCriticalNesting
                0x000000002000000c        0x4 ./Middlewares/Third_Party/FreeRTOS/Source/portable/GCC/ARM_CM4F/port.o
 *(.RamFunc)
 *(.RamFunc*)
                0x0000000020000010                . = ALIGN (0x4)
                0x0000000020000010                _edata = .

.igot.plt       0x0000000020000010        0x0 load address 0x0000000008002fb4
 .igot.plt      0x0000000020000010        0x0 C:/ST/STM32CubeIDE_1.14.0/STM32CubeIDE/plugins/com.st.stm32cube.ide.mcu.externaltools.gnu-tools-for-stm32.11.3.rel1.win32_1.1.100.202309141235/tools/bin/../lib/gcc/arm-none-eabi/11.3.1/thumb/v7e-m+fp/hard/crtbegin.o
                0x0000000020000010                . = ALIGN (0x4)

.bss            0x0000000020000010     0x3fd8 load address 0x0000000008002fb4
                0x0000000020000010                _sbss = .
                0x0000000020000010                __bss_start__ = _sbss
 *(.bss)
 .bss           0x0000000020000010       0x1c C:/ST/STM32CubeIDE_1.14.0/STM32CubeIDE/plugins/com.st.stm32cube.ide.mcu.externaltools.gnu-tools-for-stm32.11.3.rel1.win32_1.1.100.202309141235/tools/bin/../lib/gcc/arm-none-eabi/11.3.1/thumb/v7e-m+fp/hard/crtbegin.o
 *(.bss*)
 .bss.xIdleTaskTCBBuffer
                0x000000002000002c       0x54 ./Core/Src/freertos.o
 .bss.xIdleStack
                0x0000000020000080      0x200 ./Core/Src/freertos.o
 .bss.AR        0x0000000020000280        0x4 ./Core/Src/main.o
                0x0000000020000280                AR
 .bss.DE        0x0000000020000284        0x4 ./Core/Src/main.o
                0x0000000020000284                DE
 .bss.MO        0x0000000020000288        0x4 ./Core/Src/main.o
                0x0000000020000288                MO
 .bss.CNT       0x000000002000028c        0x4 ./Core/Src/main.o
                0x000000002000028c                CNT
 .bss.uwTick    0x0000000020000290        0x4 ./Drivers/STM32F4xx_HAL_Driver/Src/stm32f4xx_hal.o
                0x0000000020000290                uwTick
 .bss.pxCurrentTCB
                0x0000000020000294        0x4 ./Middlewares/Third_Party/FreeRTOS/Source/tasks.o
                0x0000000020000294                pxCurrentTCB
 .bss.pxReadyTasksLists
                0x0000000020000298       0x8c ./Middlewares/Third_Party/FreeRTOS/Source/tasks.o
 .bss.xDelayedTaskList1
                0x0000000020000324       0x14 ./Middlewares/Third_Party/FreeRTOS/Source/tasks.o
 .bss.xDelayedTaskList2
                0x0000000020000338       0x14 ./Middlewares/Third_Party/FreeRTOS/Source/tasks.o
 .bss.pxDelayedTaskList
                0x000000002000034c        0x4 ./Middlewares/Third_Party/FreeRTOS/Source/tasks.o
 .bss.pxOverflowDelayedTaskList
                0x0000000020000350        0x4 ./Middlewares/Third_Party/FreeRTOS/Source/tasks.o
 .bss.xPendingReadyList
                0x0000000020000354       0x14 ./Middlewares/Third_Party/FreeRTOS/Source/tasks.o
 .bss.xTasksWaitingTermination
                0x0000000020000368       0x14 ./Middlewares/Third_Party/FreeRTOS/Source/tasks.o
 .bss.uxDeletedTasksWaitingCleanUp
                0x000000002000037c        0x4 ./Middlewares/Third_Party/FreeRTOS/Source/tasks.o
 .bss.xSuspendedTaskList
                0x0000000020000380       0x14 ./Middlewares/Third_Party/FreeRTOS/Source/tasks.o
 .bss.uxCurrentNumberOfTasks
                0x0000000020000394        0x4 ./Middlewares/Third_Party/FreeRTOS/Source/tasks.o
 .bss.xTickCount
                0x0000000020000398        0x4 ./Middlewares/Third_Party/FreeRTOS/Source/tasks.o
 .bss.uxTopReadyPriority
                0x000000002000039c        0x4 ./Middlewares/Third_Party/FreeRTOS/Source/tasks.o
 .bss.xSchedulerRunning
                0x00000000200003a0        0x4 ./Middlewares/Third_Party/FreeRTOS/Source/tasks.o
 .bss.xPendedTicks
                0x00000000200003a4        0x4 ./Middlewares/Third_Party/FreeRTOS/Source/tasks.o
 .bss.xYieldPending
                0x00000000200003a8        0x4 ./Middlewares/Third_Party/FreeRTOS/Source/tasks.o
 .bss.xNumOfOverflows
                0x00000000200003ac        0x4 ./Middlewares/Third_Party/FreeRTOS/Source/tasks.o
 .bss.uxTaskNumber
                0x00000000200003b0        0x4 ./Middlewares/Third_Party/FreeRTOS/Source/tasks.o
 .bss.xNextTaskUnblockTime
                0x00000000200003b4        0x4 ./Middlewares/Third_Party/FreeRTOS/Source/tasks.o
 .bss.xIdleTaskHandle
                0x00000000200003b8        0x4 ./Middlewares/Third_Party/FreeRTOS/Source/tasks.o
 .bss.uxSchedulerSuspended
                0x00000000200003bc        0x4 ./Middlewares/Third_Party/FreeRTOS/Source/tasks.o
 .bss.ucMaxSysCallPriority
                0x00000000200003c0        0x1 ./Middlewares/Third_Party/FreeRTOS/Source/portable/GCC/ARM_CM4F/port.o
 *fill*         0x00000000200003c1        0x3 
 .bss.ulMaxPRIGROUPValue
                0x00000000200003c4        0x4 ./Middlewares/Third_Party/FreeRTOS/Source/portable/GCC/ARM_CM4F/port.o
 .bss.ucHeap    0x00000000200003c8     0x3c00 ./Middlewares/Third_Party/FreeRTOS/Source/portable/MemMang/heap_4.o
 .bss.xStart    0x0000000020003fc8        0x8 ./Middlewares/Third_Party/FreeRTOS/Source/portable/MemMang/heap_4.o
 .bss.pxEnd     0x0000000020003fd0        0x4 ./Middlewares/Third_Party/FreeRTOS/Source/portable/MemMang/heap_4.o
 .bss.xFreeBytesRemaining
                0x0000000020003fd4        0x4 ./Middlewares/Third_Party/FreeRTOS/Source/portable/MemMang/heap_4.o
 .bss.xMinimumEverFreeBytesRemaining
                0x0000000020003fd8        0x4 ./Middlewares/Third_Party/FreeRTOS/Source/portable/MemMang/heap_4.o
 .bss.xNumberOfSuccessfulAllocations
                0x0000000020003fdc        0x4 ./Middlewares/Third_Party/FreeRTOS/Source/portable/MemMang/heap_4.o
 .bss.xNumberOfSuccessfulFrees
                0x0000000020003fe0        0x4 ./Middlewares/Third_Party/FreeRTOS/Source/portable/MemMang/heap_4.o
 .bss.xBlockAllocatedBit
                0x0000000020003fe4        0x4 ./Middlewares/Third_Party/FreeRTOS/Source/portable/MemMang/heap_4.o
 *(COMMON)
                0x0000000020003fe8                . = ALIGN (0x4)
                0x0000000020003fe8                _ebss = .
                0x0000000020003fe8                __bss_end__ = _ebss

._user_heap_stack
                0x0000000020003fe8      0x600 load address 0x0000000008002fb4
                0x0000000020003fe8                . = ALIGN (0x8)
                [!provide]                        PROVIDE (end = .)
                0x0000000020003fe8                PROVIDE (_end = .)
                0x00000000200041e8                . = (. + _Min_Heap_Size)
 *fill*         0x0000000020003fe8      0x200 
                0x00000000200045e8                . = (. + _Min_Stack_Size)
 *fill*         0x00000000200041e8      0x400 
                0x00000000200045e8                . = ALIGN (0x8)

/DISCARD/
 libc.a(*)
 libm.a(*)
 libgcc.a(*)

.ARM.attributes
                0x0000000000000000       0x30
 *(.ARM.attributes)
 .ARM.attributes
                0x0000000000000000       0x1e C:/ST/STM32CubeIDE_1.14.0/STM32CubeIDE/plugins/com.st.stm32cube.ide.mcu.externaltools.gnu-tools-for-stm32.11.3.rel1.win32_1.1.100.202309141235/tools/bin/../lib/gcc/arm-none-eabi/11.3.1/thumb/v7e-m+fp/hard/crti.o
 .ARM.attributes
                0x000000000000001e       0x34 C:/ST/STM32CubeIDE_1.14.0/STM32CubeIDE/plugins/com.st.stm32cube.ide.mcu.externaltools.gnu-tools-for-stm32.11.3.rel1.win32_1.1.100.202309141235/tools/bin/../lib/gcc/arm-none-eabi/11.3.1/thumb/v7e-m+fp/hard/crtbegin.o
 .ARM.attributes
                0x0000000000000052       0x34 ./Core/Src/freertos.o
 .ARM.attributes
                0x0000000000000086       0x34 ./Core/Src/main.o
 .ARM.attributes
                0x00000000000000ba       0x34 ./Core/Src/stm32f4xx_hal_msp.o
 .ARM.attributes
                0x00000000000000ee       0x34 ./Core/Src/stm32f4xx_it.o
 .ARM.attributes
                0x0000000000000122       0x34 ./Core/Src/system_stm32f4xx.o
 .ARM.attributes
                0x0000000000000156       0x21 ./Core/Startup/startup_stm32f446retx.o
 .ARM.attributes
                0x0000000000000177       0x34 ./Drivers/STM32F4xx_HAL_Driver/Src/stm32f4xx_hal.o
 .ARM.attributes
                0x00000000000001ab       0x34 ./Drivers/STM32F4xx_HAL_Driver/Src/stm32f4xx_hal_cortex.o
 .ARM.attributes
                0x00000000000001df       0x34 ./Drivers/STM32F4xx_HAL_Driver/Src/stm32f4xx_hal_gpio.o
 .ARM.attributes
                0x0000000000000213       0x34 ./Drivers/STM32F4xx_HAL_Driver/Src/stm32f4xx_hal_rcc.o
 .ARM.attributes
                0x0000000000000247       0x34 ./Drivers/STM32F4xx_HAL_Driver/Src/stm32f4xx_hal_rcc_ex.o
 .ARM.attributes
                0x000000000000027b       0x34 ./Middlewares/Third_Party/FreeRTOS/Source/CMSIS_RTOS/cmsis_os.o
 .ARM.attributes
                0x00000000000002af       0x34 ./Middlewares/Third_Party/FreeRTOS/Source/list.o
 .ARM.attributes
                0x00000000000002e3       0x34 ./Middlewares/Third_Party/FreeRTOS/Source/tasks.o
 .ARM.attributes
                0x0000000000000317       0x34 ./Middlewares/Third_Party/FreeRTOS/Source/portable/GCC/ARM_CM4F/port.o
 .ARM.attributes
                0x000000000000034b       0x34 ./Middlewares/Third_Party/FreeRTOS/Source/portable/MemMang/heap_4.o
 .ARM.attributes
                0x000000000000037f       0x34 C:/ST/STM32CubeIDE_1.14.0/STM32CubeIDE/plugins/com.st.stm32cube.ide.mcu.externaltools.gnu-tools-for-stm32.11.3.rel1.win32_1.1.100.202309141235/tools/bin/../lib/gcc/arm-none-eabi/11.3.1/../../../../arm-none-eabi/lib/thumb/v7e-m+fp/hard\libc_nano.a(libc_a-memset.o)
 .ARM.attributes
                0x00000000000003b3       0x34 C:/ST/STM32CubeIDE_1.14.0/STM32CubeIDE/plugins/com.st.stm32cube.ide.mcu.externaltools.gnu-tools-for-stm32.11.3.rel1.win32_1.1.100.202309141235/tools/bin/../lib/gcc/arm-none-eabi/11.3.1/../../../../arm-none-eabi/lib/thumb/v7e-m+fp/hard\libc_nano.a(libc_a-init.o)
 .ARM.attributes
                0x00000000000003e7       0x1e C:/ST/STM32CubeIDE_1.14.0/STM32CubeIDE/plugins/com.st.stm32cube.ide.mcu.externaltools.gnu-tools-for-stm32.11.3.rel1.win32_1.1.100.202309141235/tools/bin/../lib/gcc/arm-none-eabi/11.3.1/thumb/v7e-m+fp/hard\libgcc.a(_aeabi_uldivmod.o)
 .ARM.attributes
                0x0000000000000405       0x34 C:/ST/STM32CubeIDE_1.14.0/STM32CubeIDE/plugins/com.st.stm32cube.ide.mcu.externaltools.gnu-tools-for-stm32.11.3.rel1.win32_1.1.100.202309141235/tools/bin/../lib/gcc/arm-none-eabi/11.3.1/thumb/v7e-m+fp/hard\libgcc.a(_udivmoddi4.o)
 .ARM.attributes
                0x0000000000000439       0x1e C:/ST/STM32CubeIDE_1.14.0/STM32CubeIDE/plugins/com.st.stm32cube.ide.mcu.externaltools.gnu-tools-for-stm32.11.3.rel1.win32_1.1.100.202309141235/tools/bin/../lib/gcc/arm-none-eabi/11.3.1/thumb/v7e-m+fp/hard\libgcc.a(_dvmd_tls.o)
 .ARM.attributes
                0x0000000000000457       0x1e C:/ST/STM32CubeIDE_1.14.0/STM32CubeIDE/plugins/com.st.stm32cube.ide.mcu.externaltools.gnu-tools-for-stm32.11.3.rel1.win32_1.1.100.202309141235/tools/bin/../lib/gcc/arm-none-eabi/11.3.1/thumb/v7e-m+fp/hard/crtn.o
OUTPUT(pb_perceuse_rtos.elf elf32-littlearm)
LOAD linker stubs
LOAD C:/ST/STM32CubeIDE_1.14.0/STM32CubeIDE/plugins/com.st.stm32cube.ide.mcu.externaltools.gnu-tools-for-stm32.11.3.rel1.win32_1.1.100.202309141235/tools/bin/../lib/gcc/arm-none-eabi/11.3.1/../../../../arm-none-eabi/lib/thumb/v7e-m+fp/hard\libc.a
LOAD C:/ST/STM32CubeIDE_1.14.0/STM32CubeIDE/plugins/com.st.stm32cube.ide.mcu.externaltools.gnu-tools-for-stm32.11.3.rel1.win32_1.1.100.202309141235/tools/bin/../lib/gcc/arm-none-eabi/11.3.1/../../../../arm-none-eabi/lib/thumb/v7e-m+fp/hard\libm.a
LOAD C:/ST/STM32CubeIDE_1.14.0/STM32CubeIDE/plugins/com.st.stm32cube.ide.mcu.externaltools.gnu-tools-for-stm32.11.3.rel1.win32_1.1.100.202309141235/tools/bin/../lib/gcc/arm-none-eabi/11.3.1/thumb/v7e-m+fp/hard\libgcc.a

.comment        0x0000000000000000       0x43
 .comment       0x0000000000000000       0x43 C:/ST/STM32CubeIDE_1.14.0/STM32CubeIDE/plugins/com.st.stm32cube.ide.mcu.externaltools.gnu-tools-for-stm32.11.3.rel1.win32_1.1.100.202309141235/tools/bin/../lib/gcc/arm-none-eabi/11.3.1/thumb/v7e-m+fp/hard/crtbegin.o
                                         0x44 (size before relaxing)
 .comment       0x0000000000000043       0x44 ./Core/Src/freertos.o
 .comment       0x0000000000000043       0x44 ./Core/Src/main.o
 .comment       0x0000000000000043       0x44 ./Core/Src/stm32f4xx_hal_msp.o
 .comment       0x0000000000000043       0x44 ./Core/Src/stm32f4xx_it.o
 .comment       0x0000000000000043       0x44 ./Core/Src/system_stm32f4xx.o
 .comment       0x0000000000000043       0x44 ./Drivers/STM32F4xx_HAL_Driver/Src/stm32f4xx_hal.o
 .comment       0x0000000000000043       0x44 ./Drivers/STM32F4xx_HAL_Driver/Src/stm32f4xx_hal_cortex.o
 .comment       0x0000000000000043       0x44 ./Drivers/STM32F4xx_HAL_Driver/Src/stm32f4xx_hal_gpio.o
 .comment       0x0000000000000043       0x44 ./Drivers/STM32F4xx_HAL_Driver/Src/stm32f4xx_hal_rcc.o
 .comment       0x0000000000000043       0x44 ./Drivers/STM32F4xx_HAL_Driver/Src/stm32f4xx_hal_rcc_ex.o
 .comment       0x0000000000000043       0x44 ./Middlewares/Third_Party/FreeRTOS/Source/CMSIS_RTOS/cmsis_os.o
 .comment       0x0000000000000043       0x44 ./Middlewares/Third_Party/FreeRTOS/Source/list.o
 .comment       0x0000000000000043       0x44 ./Middlewares/Third_Party/FreeRTOS/Source/tasks.o
 .comment       0x0000000000000043       0x44 ./Middlewares/Third_Party/FreeRTOS/Source/portable/GCC/ARM_CM4F/port.o
 .comment       0x0000000000000043       0x44 ./Middlewares/Third_Party/FreeRTOS/Source/portable/MemMang/heap_4.o

.debug_info     0x0000000000000000     0x8bb7
 .debug_info    0x0000000000000000      0x279 ./Core/Src/freertos.o
 .debug_info    0x0000000000000279      0x8ec ./Core/Src/main.o
 .debug_info    0x0000000000000b65      0x505 ./Core/Src/stm32f4xx_hal_msp.o
 .debug_info    0x000000000000106a      0x11a ./Core/Src/stm32f4xx_it.o
 .debug_info    0x0000000000001184      0x54a ./Core/Src/system_stm32f4xx.o
 .debug_info    0x00000000000016ce       0x23 ./Core/Startup/startup_stm32f446retx.o
 .debug_info    0x00000000000016f1      0x99a ./Drivers/STM32F4xx_HAL_Driver/Src/stm32f4xx_hal.o
 .debug_info    0x000000000000208b      0xd75 ./Drivers/STM32F4xx_HAL_Driver/Src/stm32f4xx_hal_cortex.o
 .debug_info    0x0000000000002e00      0x70b ./Drivers/STM32F4xx_HAL_Driver/Src/stm32f4xx_hal_gpio.o
 .debug_info    0x000000000000350b      0x8ed ./Drivers/STM32F4xx_HAL_Driver/Src/stm32f4xx_hal_rcc.o
 .debug_info    0x0000000000003df8      0x956 ./Drivers/STM32F4xx_HAL_Driver/Src/stm32f4xx_hal_rcc_ex.o
 .debug_info    0x000000000000474e     0x1b60 ./Middlewares/Third_Party/FreeRTOS/Source/CMSIS_RTOS/cmsis_os.o
 .debug_info    0x00000000000062ae      0x2af ./Middlewares/Third_Party/FreeRTOS/Source/list.o
 .debug_info    0x000000000000655d     0x1ca7 ./Middlewares/Third_Party/FreeRTOS/Source/tasks.o
 .debug_info    0x0000000000008204      0x4de ./Middlewares/Third_Party/FreeRTOS/Source/portable/GCC/ARM_CM4F/port.o
 .debug_info    0x00000000000086e2      0x4d5 ./Middlewares/Third_Party/FreeRTOS/Source/portable/MemMang/heap_4.o

.debug_abbrev   0x0000000000000000     0x1ec5
 .debug_abbrev  0x0000000000000000       0xd2 ./Core/Src/freertos.o
 .debug_abbrev  0x00000000000000d2      0x2c9 ./Core/Src/main.o
 .debug_abbrev  0x000000000000039b      0x119 ./Core/Src/stm32f4xx_hal_msp.o
 .debug_abbrev  0x00000000000004b4       0x97 ./Core/Src/stm32f4xx_it.o
 .debug_abbrev  0x000000000000054b      0x11a ./Core/Src/system_stm32f4xx.o
 .debug_abbrev  0x0000000000000665       0x12 ./Core/Startup/startup_stm32f446retx.o
 .debug_abbrev  0x0000000000000677      0x214 ./Drivers/STM32F4xx_HAL_Driver/Src/stm32f4xx_hal.o
 .debug_abbrev  0x000000000000088b      0x328 ./Drivers/STM32F4xx_HAL_Driver/Src/stm32f4xx_hal_cortex.o
 .debug_abbrev  0x0000000000000bb3      0x1d4 ./Drivers/STM32F4xx_HAL_Driver/Src/stm32f4xx_hal_gpio.o
 .debug_abbrev  0x0000000000000d87      0x2b6 ./Drivers/STM32F4xx_HAL_Driver/Src/stm32f4xx_hal_rcc.o
 .debug_abbrev  0x000000000000103d      0x20a ./Drivers/STM32F4xx_HAL_Driver/Src/stm32f4xx_hal_rcc_ex.o
 .debug_abbrev  0x0000000000001247      0x3b7 ./Middlewares/Third_Party/FreeRTOS/Source/CMSIS_RTOS/cmsis_os.o
 .debug_abbrev  0x00000000000015fe       0xf5 ./Middlewares/Third_Party/FreeRTOS/Source/list.o
 .debug_abbrev  0x00000000000016f3      0x359 ./Middlewares/Third_Party/FreeRTOS/Source/tasks.o
 .debug_abbrev  0x0000000000001a4c      0x25c ./Middlewares/Third_Party/FreeRTOS/Source/portable/GCC/ARM_CM4F/port.o
 .debug_abbrev  0x0000000000001ca8      0x21d ./Middlewares/Third_Party/FreeRTOS/Source/portable/MemMang/heap_4.o

.debug_aranges  0x0000000000000000      0x948
 .debug_aranges
                0x0000000000000000       0x20 ./Core/Src/freertos.o
 .debug_aranges
                0x0000000000000020       0x58 ./Core/Src/main.o
 .debug_aranges
                0x0000000000000078       0x20 ./Core/Src/stm32f4xx_hal_msp.o
 .debug_aranges
                0x0000000000000098       0x50 ./Core/Src/stm32f4xx_it.o
 .debug_aranges
                0x00000000000000e8       0x28 ./Core/Src/system_stm32f4xx.o
 .debug_aranges
                0x0000000000000110       0x28 ./Core/Startup/startup_stm32f446retx.o
 .debug_aranges
                0x0000000000000138       0xf0 ./Drivers/STM32F4xx_HAL_Driver/Src/stm32f4xx_hal.o
 .debug_aranges
                0x0000000000000228      0x120 ./Drivers/STM32F4xx_HAL_Driver/Src/stm32f4xx_hal_cortex.o
 .debug_aranges
                0x0000000000000348       0x58 ./Drivers/STM32F4xx_HAL_Driver/Src/stm32f4xx_hal_gpio.o
 .debug_aranges
                0x00000000000003a0       0x88 ./Drivers/STM32F4xx_HAL_Driver/Src/stm32f4xx_hal_rcc.o
 .debug_aranges
                0x0000000000000428       0x78 ./Drivers/STM32F4xx_HAL_Driver/Src/stm32f4xx_hal_rcc_ex.o
 .debug_aranges
                0x00000000000004a0      0x1d8 ./Middlewares/Third_Party/FreeRTOS/Source/CMSIS_RTOS/cmsis_os.o
 .debug_aranges
                0x0000000000000678       0x40 ./Middlewares/Third_Party/FreeRTOS/Source/list.o
 .debug_aranges
                0x00000000000006b8      0x1b8 ./Middlewares/Third_Party/FreeRTOS/Source/tasks.o
 .debug_aranges
                0x0000000000000870       0x80 ./Middlewares/Third_Party/FreeRTOS/Source/portable/GCC/ARM_CM4F/port.o
 .debug_aranges
                0x00000000000008f0       0x58 ./Middlewares/Third_Party/FreeRTOS/Source/portable/MemMang/heap_4.o

.debug_rnglists
                0x0000000000000000      0x6e9
 .debug_rnglists
                0x0000000000000000       0x13 ./Core/Src/freertos.o
 .debug_rnglists
                0x0000000000000013       0x40 ./Core/Src/main.o
 .debug_rnglists
                0x0000000000000053       0x13 ./Core/Src/stm32f4xx_hal_msp.o
 .debug_rnglists
                0x0000000000000066       0x37 ./Core/Src/stm32f4xx_it.o
 .debug_rnglists
                0x000000000000009d       0x1a ./Core/Src/system_stm32f4xx.o
 .debug_rnglists
                0x00000000000000b7       0x19 ./Core/Startup/startup_stm32f446retx.o
 .debug_rnglists
                0x00000000000000d0       0xaf ./Drivers/STM32F4xx_HAL_Driver/Src/stm32f4xx_hal.o
 .debug_rnglists
                0x000000000000017f       0xd4 ./Drivers/STM32F4xx_HAL_Driver/Src/stm32f4xx_hal_cortex.o
 .debug_rnglists
                0x0000000000000253       0x3f ./Drivers/STM32F4xx_HAL_Driver/Src/stm32f4xx_hal_gpio.o
 .debug_rnglists
                0x0000000000000292       0x66 ./Drivers/STM32F4xx_HAL_Driver/Src/stm32f4xx_hal_rcc.o
 .debug_rnglists
                0x00000000000002f8       0x5e ./Drivers/STM32F4xx_HAL_Driver/Src/stm32f4xx_hal_rcc_ex.o
 .debug_rnglists
                0x0000000000000356      0x16a ./Middlewares/Third_Party/FreeRTOS/Source/CMSIS_RTOS/cmsis_os.o
 .debug_rnglists
                0x00000000000004c0       0x2b ./Middlewares/Third_Party/FreeRTOS/Source/list.o
 .debug_rnglists
                0x00000000000004eb      0x15f ./Middlewares/Third_Party/FreeRTOS/Source/tasks.o
 .debug_rnglists
                0x000000000000064a       0x5d ./Middlewares/Third_Party/FreeRTOS/Source/portable/GCC/ARM_CM4F/port.o
 .debug_rnglists
                0x00000000000006a7       0x42 ./Middlewares/Third_Party/FreeRTOS/Source/portable/MemMang/heap_4.o

.debug_macro    0x0000000000000000    0x21756
 .debug_macro   0x0000000000000000      0x222 ./Core/Src/freertos.o
 .debug_macro   0x0000000000000222      0xaa8 ./Core/Src/freertos.o
 .debug_macro   0x0000000000000cca      0x174 ./Core/Src/freertos.o
 .debug_macro   0x0000000000000e3e       0x22 ./Core/Src/freertos.o
 .debug_macro   0x0000000000000e60       0x8e ./Core/Src/freertos.o
 .debug_macro   0x0000000000000eee       0x51 ./Core/Src/freertos.o
 .debug_macro   0x0000000000000f3f      0x103 ./Core/Src/freertos.o
 .debug_macro   0x0000000000001042       0x6a ./Core/Src/freertos.o
 .debug_macro   0x00000000000010ac      0x1df ./Core/Src/freertos.o
 .debug_macro   0x000000000000128b       0xe4 ./Core/Src/freertos.o
 .debug_macro   0x000000000000136f      0x15a ./Core/Src/freertos.o
 .debug_macro   0x00000000000014c9       0xde ./Core/Src/freertos.o
 .debug_macro   0x00000000000015a7       0x1c ./Core/Src/freertos.o
 .debug_macro   0x00000000000015c3       0x26 ./Core/Src/freertos.o
 .debug_macro   0x00000000000015e9      0x504 ./Core/Src/freertos.o
 .debug_macro   0x0000000000001aed       0xb5 ./Core/Src/freertos.o
 .debug_macro   0x0000000000001ba2       0xaa ./Core/Src/freertos.o
 .debug_macro   0x0000000000001c4c      0x28f ./Core/Src/freertos.o
 .debug_macro   0x0000000000001edb       0x2e ./Core/Src/freertos.o
 .debug_macro   0x0000000000001f09       0x28 ./Core/Src/freertos.o
 .debug_macro   0x0000000000001f31       0x1c ./Core/Src/freertos.o
 .debug_macro   0x0000000000001f4d       0x22 ./Core/Src/freertos.o
 .debug_macro   0x0000000000001f6f       0xfb ./Core/Src/freertos.o
 .debug_macro   0x000000000000206a     0x1011 ./Core/Src/freertos.o
 .debug_macro   0x000000000000307b      0x11f ./Core/Src/freertos.o
 .debug_macro   0x000000000000319a    0x16749 ./Core/Src/freertos.o
 .debug_macro   0x00000000000198e3       0x6d ./Core/Src/freertos.o
 .debug_macro   0x0000000000019950     0x368c ./Core/Src/freertos.o
 .debug_macro   0x000000000001cfdc       0x5c ./Core/Src/freertos.o
 .debug_macro   0x000000000001d038      0xca5 ./Core/Src/freertos.o
 .debug_macro   0x000000000001dcdd      0x9e9 ./Core/Src/freertos.o
 .debug_macro   0x000000000001e6c6      0x115 ./Core/Src/freertos.o
 .debug_macro   0x000000000001e7db      0x1a0 ./Core/Src/freertos.o
 .debug_macro   0x000000000001e97b       0xa5 ./Core/Src/freertos.o
 .debug_macro   0x000000000001ea20      0x16d ./Core/Src/freertos.o
 .debug_macro   0x000000000001eb8d      0x287 ./Core/Src/freertos.o
 .debug_macro   0x000000000001ee14       0x5f ./Core/Src/freertos.o
 .debug_macro   0x000000000001ee73      0x236 ./Core/Src/freertos.o
 .debug_macro   0x000000000001f0a9      0x132 ./Core/Src/freertos.o
 .debug_macro   0x000000000001f1db      0x29c ./Core/Src/freertos.o
 .debug_macro   0x000000000001f477       0x2e ./Core/Src/freertos.o
 .debug_macro   0x000000000001f4a5      0x127 ./Core/Src/freertos.o
 .debug_macro   0x000000000001f5cc       0xe8 ./Core/Src/freertos.o
 .debug_macro   0x000000000001f6b4       0x89 ./Core/Src/freertos.o
 .debug_macro   0x000000000001f73d      0x126 ./Core/Src/freertos.o
 .debug_macro   0x000000000001f863      0x26d ./Core/Src/main.o
 .debug_macro   0x000000000001fad0       0xe4 ./Core/Src/main.o
 .debug_macro   0x000000000001fbb4       0x91 ./Core/Src/main.o
 .debug_macro   0x000000000001fc45       0x8d ./Core/Src/main.o
 .debug_macro   0x000000000001fcd2       0x7e ./Core/Src/main.o
 .debug_macro   0x000000000001fd50       0x19 ./Core/Src/main.o
 .debug_macro   0x000000000001fd69       0xf2 ./Core/Src/main.o
 .debug_macro   0x000000000001fe5b      0x1ba ./Core/Src/stm32f4xx_hal_msp.o
 .debug_macro   0x0000000000020015      0x22c ./Core/Src/stm32f4xx_it.o
 .debug_macro   0x0000000000020241      0x1b0 ./Core/Src/system_stm32f4xx.o
 .debug_macro   0x00000000000203f1      0x210 ./Drivers/STM32F4xx_HAL_Driver/Src/stm32f4xx_hal.o
 .debug_macro   0x0000000000020601      0x1b0 ./Drivers/STM32F4xx_HAL_Driver/Src/stm32f4xx_hal_cortex.o
 .debug_macro   0x00000000000207b1      0x1b6 ./Drivers/STM32F4xx_HAL_Driver/Src/stm32f4xx_hal_gpio.o
 .debug_macro   0x0000000000020967      0x1d4 ./Drivers/STM32F4xx_HAL_Driver/Src/stm32f4xx_hal_rcc.o
 .debug_macro   0x0000000000020b3b      0x1b0 ./Drivers/STM32F4xx_HAL_Driver/Src/stm32f4xx_hal_rcc_ex.o
 .debug_macro   0x0000000000020ceb      0x1fe ./Middlewares/Third_Party/FreeRTOS/Source/CMSIS_RTOS/cmsis_os.o
 .debug_macro   0x0000000000020ee9       0x10 ./Middlewares/Third_Party/FreeRTOS/Source/CMSIS_RTOS/cmsis_os.o
 .debug_macro   0x0000000000020ef9       0x20 ./Middlewares/Third_Party/FreeRTOS/Source/CMSIS_RTOS/cmsis_os.o
 .debug_macro   0x0000000000020f19       0xe9 ./Middlewares/Third_Party/FreeRTOS/Source/CMSIS_RTOS/cmsis_os.o
 .debug_macro   0x0000000000021002      0x187 ./Middlewares/Third_Party/FreeRTOS/Source/list.o
 .debug_macro   0x0000000000021189      0x279 ./Middlewares/Third_Party/FreeRTOS/Source/tasks.o
 .debug_macro   0x0000000000021402       0x10 ./Middlewares/Third_Party/FreeRTOS/Source/tasks.o
 .debug_macro   0x0000000000021412      0x196 ./Middlewares/Third_Party/FreeRTOS/Source/portable/GCC/ARM_CM4F/port.o
 .debug_macro   0x00000000000215a8      0x1ae ./Middlewares/Third_Party/FreeRTOS/Source/portable/MemMang/heap_4.o

.debug_line     0x0000000000000000     0xb2ac
 .debug_line    0x0000000000000000      0x804 ./Core/Src/freertos.o
 .debug_line    0x0000000000000804      0x9f6 ./Core/Src/main.o
 .debug_line    0x00000000000011fa      0x707 ./Core/Src/stm32f4xx_hal_msp.o
 .debug_line    0x0000000000001901      0x8ae ./Core/Src/stm32f4xx_it.o
 .debug_line    0x00000000000021af      0x787 ./Core/Src/system_stm32f4xx.o
 .debug_line    0x0000000000002936       0x7a ./Core/Startup/startup_stm32f446retx.o
 .debug_line    0x00000000000029b0      0x9ed ./Drivers/STM32F4xx_HAL_Driver/Src/stm32f4xx_hal.o
 .debug_line    0x000000000000339d      0xcb9 ./Drivers/STM32F4xx_HAL_Driver/Src/stm32f4xx_hal_cortex.o
 .debug_line    0x0000000000004056      0xb4d ./Drivers/STM32F4xx_HAL_Driver/Src/stm32f4xx_hal_gpio.o
 .debug_line    0x0000000000004ba3      0xd70 ./Drivers/STM32F4xx_HAL_Driver/Src/stm32f4xx_hal_rcc.o
 .debug_line    0x0000000000005913     0x140b ./Drivers/STM32F4xx_HAL_Driver/Src/stm32f4xx_hal_rcc_ex.o
 .debug_line    0x0000000000006d1e     0x1266 ./Middlewares/Third_Party/FreeRTOS/Source/CMSIS_RTOS/cmsis_os.o
 .debug_line    0x0000000000007f84      0x796 ./Middlewares/Third_Party/FreeRTOS/Source/list.o
 .debug_line    0x000000000000871a     0x19a5 ./Middlewares/Third_Party/FreeRTOS/Source/tasks.o
 .debug_line    0x000000000000a0bf      0x830 ./Middlewares/Third_Party/FreeRTOS/Source/portable/GCC/ARM_CM4F/port.o
 .debug_line    0x000000000000a8ef      0x9bd ./Middlewares/Third_Party/FreeRTOS/Source/portable/MemMang/heap_4.o

.debug_str      0x0000000000000000    0xcda8d
 .debug_str     0x0000000000000000    0xc41c1 ./Core/Src/freertos.o
                                      0xc4483 (size before relaxing)
 .debug_str     0x00000000000c41c1     0x2719 ./Core/Src/main.o
                                      0xc6a74 (size before relaxing)
 .debug_str     0x00000000000c68da      0x54d ./Core/Src/stm32f4xx_hal_msp.o
                                      0xc0c04 (size before relaxing)
 .debug_str     0x00000000000c6e27       0xd9 ./Core/Src/stm32f4xx_it.o
                                      0xc43e4 (size before relaxing)
 .debug_str     0x00000000000c6f00       0xdb ./Core/Src/system_stm32f4xx.o
                                      0xc0766 (size before relaxing)
 .debug_str     0x00000000000c6fdb       0x34 ./Core/Startup/startup_stm32f446retx.o
                                         0x76 (size before relaxing)
 .debug_str     0x00000000000c700f      0x617 ./Drivers/STM32F4xx_HAL_Driver/Src/stm32f4xx_hal.o
                                      0xc132b (size before relaxing)
 .debug_str     0x00000000000c7626      0x351 ./Drivers/STM32F4xx_HAL_Driver/Src/stm32f4xx_hal_cortex.o
                                      0xc1050 (size before relaxing)
 .debug_str     0x00000000000c7977      0x120 ./Drivers/STM32F4xx_HAL_Driver/Src/stm32f4xx_hal_gpio.o
                                      0xc08e1 (size before relaxing)
 .debug_str     0x00000000000c7a97      0x233 ./Drivers/STM32F4xx_HAL_Driver/Src/stm32f4xx_hal_rcc.o
                                      0xc0b9f (size before relaxing)
 .debug_str     0x00000000000c7cca      0x324 ./Drivers/STM32F4xx_HAL_Driver/Src/stm32f4xx_hal_rcc_ex.o
                                      0xc0bd2 (size before relaxing)
 .debug_str     0x00000000000c7fee     0x3cc7 ./Middlewares/Third_Party/FreeRTOS/Source/CMSIS_RTOS/cmsis_os.o
                                       0xe9a0 (size before relaxing)
 .debug_str     0x00000000000cbcb5      0x20f ./Middlewares/Third_Party/FreeRTOS/Source/list.o
                                       0xaa72 (size before relaxing)
 .debug_str     0x00000000000cbec4     0x1119 ./Middlewares/Third_Party/FreeRTOS/Source/tasks.o
                                       0xcddd (size before relaxing)
 .debug_str     0x00000000000ccfdd      0x783 ./Middlewares/Third_Party/FreeRTOS/Source/portable/GCC/ARM_CM4F/port.o
                                       0x86bb (size before relaxing)
 .debug_str     0x00000000000cd760      0x32d ./Middlewares/Third_Party/FreeRTOS/Source/portable/MemMang/heap_4.o
                                       0xb3b4 (size before relaxing)

.debug_frame    0x0000000000000000     0x23cc
 .debug_frame   0x0000000000000000       0x38 ./Core/Src/freertos.o
 .debug_frame   0x0000000000000038      0x110 ./Core/Src/main.o
 .debug_frame   0x0000000000000148       0x34 ./Core/Src/stm32f4xx_hal_msp.o
 .debug_frame   0x000000000000017c       0xc4 ./Core/Src/stm32f4xx_it.o
 .debug_frame   0x0000000000000240       0x58 ./Core/Src/system_stm32f4xx.o
 .debug_frame   0x0000000000000298      0x374 ./Drivers/STM32F4xx_HAL_Driver/Src/stm32f4xx_hal.o
 .debug_frame   0x000000000000060c      0x4b8 ./Drivers/STM32F4xx_HAL_Driver/Src/stm32f4xx_hal_cortex.o
 .debug_frame   0x0000000000000ac4      0x14c ./Drivers/STM32F4xx_HAL_Driver/Src/stm32f4xx_hal_gpio.o
 .debug_frame   0x0000000000000c10      0x1f4 ./Drivers/STM32F4xx_HAL_Driver/Src/stm32f4xx_hal_rcc.o
 .debug_frame   0x0000000000000e04      0x1e8 ./Drivers/STM32F4xx_HAL_Driver/Src/stm32f4xx_hal_rcc_ex.o
 .debug_frame   0x0000000000000fec      0x80c ./Middlewares/Third_Party/FreeRTOS/Source/CMSIS_RTOS/cmsis_os.o
 .debug_frame   0x00000000000017f8       0xd8 ./Middlewares/Third_Party/FreeRTOS/Source/list.o
 .debug_frame   0x00000000000018d0      0x77c ./Middlewares/Third_Party/FreeRTOS/Source/tasks.o
 .debug_frame   0x000000000000204c      0x1a8 ./Middlewares/Third_Party/FreeRTOS/Source/portable/GCC/ARM_CM4F/port.o
 .debug_frame   0x00000000000021f4      0x12c ./Middlewares/Third_Party/FreeRTOS/Source/portable/MemMang/heap_4.o
 .debug_frame   0x0000000000002320       0x20 C:/ST/STM32CubeIDE_1.14.0/STM32CubeIDE/plugins/com.st.stm32cube.ide.mcu.externaltools.gnu-tools-for-stm32.11.3.rel1.win32_1.1.100.202309141235/tools/bin/../lib/gcc/arm-none-eabi/11.3.1/../../../../arm-none-eabi/lib/thumb/v7e-m+fp/hard\libc_nano.a(libc_a-memset.o)
 .debug_frame   0x0000000000002340       0x2c C:/ST/STM32CubeIDE_1.14.0/STM32CubeIDE/plugins/com.st.stm32cube.ide.mcu.externaltools.gnu-tools-for-stm32.11.3.rel1.win32_1.1.100.202309141235/tools/bin/../lib/gcc/arm-none-eabi/11.3.1/../../../../arm-none-eabi/lib/thumb/v7e-m+fp/hard\libc_nano.a(libc_a-init.o)
 .debug_frame   0x000000000000236c       0x2c C:/ST/STM32CubeIDE_1.14.0/STM32CubeIDE/plugins/com.st.stm32cube.ide.mcu.externaltools.gnu-tools-for-stm32.11.3.rel1.win32_1.1.100.202309141235/tools/bin/../lib/gcc/arm-none-eabi/11.3.1/thumb/v7e-m+fp/hard\libgcc.a(_aeabi_uldivmod.o)
 .debug_frame   0x0000000000002398       0x34 C:/ST/STM32CubeIDE_1.14.0/STM32CubeIDE/plugins/com.st.stm32cube.ide.mcu.externaltools.gnu-tools-for-stm32.11.3.rel1.win32_1.1.100.202309141235/tools/bin/../lib/gcc/arm-none-eabi/11.3.1/thumb/v7e-m+fp/hard\libgcc.a(_udivmoddi4.o)

.debug_line_str
                0x0000000000000000       0x6a
 .debug_line_str
                0x0000000000000000       0x6a ./Core/Startup/startup_stm32f446retx.o
                                         0x82 (size before relaxing)
